// Jest Snapshot v1, https://goo.gl/fbAQLP

exports[`Affichage page principale should match snapshot 1`] = `
<div>
  <div
    class="jumbotron jumbotron-fluid"
  >
    <div
      class="container"
    >
      <div
        class="card"
        style="width: 18rem;"
      >
        <div
          class="card-body"
        >
          <h5
            class="card-title"
            id="is_mistral"
          >
            Y'a pas de mistral
          </h5>
          <p
            class="card-text"
            id="deg_today"
          >
            0
             degr√©s
          </p>
          <h5
            class="card-title"
            id="is_strong"
          >
            Ca souffle pas fort
          </h5>
          <p
            class="card-text"
            id="speed_today"
          >
            0
             km/h
          </p>
        </div>
        <button
          class="btn btn-primary"
          id="btn_forecast"
        >
          Forecast
        </button>
      </div>
    </div>
  </div>
</div>
`;
